ARM GAS  C:\Users\glenn\AppData\Local\Temp\cchG8oEv.s 			page 1


   1              		.cpu cortex-m0
   2              		.fpu softvfp
   3              		.eabi_attribute 20, 1
   4              		.eabi_attribute 21, 1
   5              		.eabi_attribute 23, 3
   6              		.eabi_attribute 24, 1
   7              		.eabi_attribute 25, 1
   8              		.eabi_attribute 26, 1
   9              		.eabi_attribute 30, 6
  10              		.eabi_attribute 34, 0
  11              		.eabi_attribute 18, 4
  12              		.code	16
  13              		.file	"UART_1_PM.c"
  14              		.text
  15              	.Ltext0:
  16              		.cfi_sections	.debug_frame
  17              		.bss
  18              		.align	2
  19              	UART_1_backup:
  20 0000 00       		.space	1
  21 0001 000000   		.section	.text.UART_1_SaveConfig,"ax",%progbits
  22              		.align	2
  23              		.global	UART_1_SaveConfig
  24              		.code	16
  25              		.thumb_func
  26              		.type	UART_1_SaveConfig, %function
  27              	UART_1_SaveConfig:
  28              	.LFB1:
  29              		.file 1 "Generated_Source\\PSoC4\\UART_1_PM.c"
   1:Generated_Source\PSoC4/UART_1_PM.c **** /*******************************************************************************
   2:Generated_Source\PSoC4/UART_1_PM.c **** * File Name: UART_1_PM.c
   3:Generated_Source\PSoC4/UART_1_PM.c **** * Version 2.50
   4:Generated_Source\PSoC4/UART_1_PM.c **** *
   5:Generated_Source\PSoC4/UART_1_PM.c **** * Description:
   6:Generated_Source\PSoC4/UART_1_PM.c **** *  This file provides Sleep/WakeUp APIs functionality.
   7:Generated_Source\PSoC4/UART_1_PM.c **** *
   8:Generated_Source\PSoC4/UART_1_PM.c **** * Note:
   9:Generated_Source\PSoC4/UART_1_PM.c **** *
  10:Generated_Source\PSoC4/UART_1_PM.c **** ********************************************************************************
  11:Generated_Source\PSoC4/UART_1_PM.c **** * Copyright 2008-2015, Cypress Semiconductor Corporation.  All rights reserved.
  12:Generated_Source\PSoC4/UART_1_PM.c **** * You may use this file only in accordance with the license, terms, conditions,
  13:Generated_Source\PSoC4/UART_1_PM.c **** * disclaimers, and limitations in the end user license agreement accompanying
  14:Generated_Source\PSoC4/UART_1_PM.c **** * the software package with which this file was provided.
  15:Generated_Source\PSoC4/UART_1_PM.c **** *******************************************************************************/
  16:Generated_Source\PSoC4/UART_1_PM.c **** 
  17:Generated_Source\PSoC4/UART_1_PM.c **** #include "UART_1.h"
  18:Generated_Source\PSoC4/UART_1_PM.c **** 
  19:Generated_Source\PSoC4/UART_1_PM.c **** 
  20:Generated_Source\PSoC4/UART_1_PM.c **** /***************************************
  21:Generated_Source\PSoC4/UART_1_PM.c **** * Local data allocation
  22:Generated_Source\PSoC4/UART_1_PM.c **** ***************************************/
  23:Generated_Source\PSoC4/UART_1_PM.c **** 
  24:Generated_Source\PSoC4/UART_1_PM.c **** static UART_1_BACKUP_STRUCT  UART_1_backup =
  25:Generated_Source\PSoC4/UART_1_PM.c **** {
  26:Generated_Source\PSoC4/UART_1_PM.c ****     /* enableState - disabled */
  27:Generated_Source\PSoC4/UART_1_PM.c ****     0u,
  28:Generated_Source\PSoC4/UART_1_PM.c **** };
ARM GAS  C:\Users\glenn\AppData\Local\Temp\cchG8oEv.s 			page 2


  29:Generated_Source\PSoC4/UART_1_PM.c **** 
  30:Generated_Source\PSoC4/UART_1_PM.c **** 
  31:Generated_Source\PSoC4/UART_1_PM.c **** 
  32:Generated_Source\PSoC4/UART_1_PM.c **** /*******************************************************************************
  33:Generated_Source\PSoC4/UART_1_PM.c **** * Function Name: UART_1_SaveConfig
  34:Generated_Source\PSoC4/UART_1_PM.c **** ********************************************************************************
  35:Generated_Source\PSoC4/UART_1_PM.c **** *
  36:Generated_Source\PSoC4/UART_1_PM.c **** * Summary:
  37:Generated_Source\PSoC4/UART_1_PM.c **** *  This function saves the component nonretention control register.
  38:Generated_Source\PSoC4/UART_1_PM.c **** *  Does not save the FIFO which is a set of nonretention registers.
  39:Generated_Source\PSoC4/UART_1_PM.c **** *  This function is called by the UART_1_Sleep() function.
  40:Generated_Source\PSoC4/UART_1_PM.c **** *
  41:Generated_Source\PSoC4/UART_1_PM.c **** * Parameters:
  42:Generated_Source\PSoC4/UART_1_PM.c **** *  None.
  43:Generated_Source\PSoC4/UART_1_PM.c **** *
  44:Generated_Source\PSoC4/UART_1_PM.c **** * Return:
  45:Generated_Source\PSoC4/UART_1_PM.c **** *  None.
  46:Generated_Source\PSoC4/UART_1_PM.c **** *
  47:Generated_Source\PSoC4/UART_1_PM.c **** * Global Variables:
  48:Generated_Source\PSoC4/UART_1_PM.c **** *  UART_1_backup - modified when non-retention registers are saved.
  49:Generated_Source\PSoC4/UART_1_PM.c **** *
  50:Generated_Source\PSoC4/UART_1_PM.c **** * Reentrant:
  51:Generated_Source\PSoC4/UART_1_PM.c **** *  No.
  52:Generated_Source\PSoC4/UART_1_PM.c **** *
  53:Generated_Source\PSoC4/UART_1_PM.c **** *******************************************************************************/
  54:Generated_Source\PSoC4/UART_1_PM.c **** void UART_1_SaveConfig(void)
  55:Generated_Source\PSoC4/UART_1_PM.c **** {
  30              		.loc 1 55 0
  31              		.cfi_startproc
  32 0000 80B5     		push	{r7, lr}
  33              		.cfi_def_cfa_offset 8
  34              		.cfi_offset 7, -8
  35              		.cfi_offset 14, -4
  36 0002 00AF     		add	r7, sp, #0
  37              		.cfi_def_cfa_register 7
  56:Generated_Source\PSoC4/UART_1_PM.c ****     #if(UART_1_CONTROL_REG_REMOVED == 0u)
  57:Generated_Source\PSoC4/UART_1_PM.c ****         UART_1_backup.cr = UART_1_CONTROL_REG;
  58:Generated_Source\PSoC4/UART_1_PM.c ****     #endif /* End UART_1_CONTROL_REG_REMOVED */
  59:Generated_Source\PSoC4/UART_1_PM.c **** }
  38              		.loc 1 59 0
  39 0004 BD46     		mov	sp, r7
  40              		@ sp needed
  41 0006 80BD     		pop	{r7, pc}
  42              		.cfi_endproc
  43              	.LFE1:
  44              		.size	UART_1_SaveConfig, .-UART_1_SaveConfig
  45              		.section	.text.UART_1_RestoreConfig,"ax",%progbits
  46              		.align	2
  47              		.global	UART_1_RestoreConfig
  48              		.code	16
  49              		.thumb_func
  50              		.type	UART_1_RestoreConfig, %function
  51              	UART_1_RestoreConfig:
  52              	.LFB2:
  60:Generated_Source\PSoC4/UART_1_PM.c **** 
  61:Generated_Source\PSoC4/UART_1_PM.c **** 
  62:Generated_Source\PSoC4/UART_1_PM.c **** /*******************************************************************************
ARM GAS  C:\Users\glenn\AppData\Local\Temp\cchG8oEv.s 			page 3


  63:Generated_Source\PSoC4/UART_1_PM.c **** * Function Name: UART_1_RestoreConfig
  64:Generated_Source\PSoC4/UART_1_PM.c **** ********************************************************************************
  65:Generated_Source\PSoC4/UART_1_PM.c **** *
  66:Generated_Source\PSoC4/UART_1_PM.c **** * Summary:
  67:Generated_Source\PSoC4/UART_1_PM.c **** *  Restores the nonretention control register except FIFO.
  68:Generated_Source\PSoC4/UART_1_PM.c **** *  Does not restore the FIFO which is a set of nonretention registers.
  69:Generated_Source\PSoC4/UART_1_PM.c **** *
  70:Generated_Source\PSoC4/UART_1_PM.c **** * Parameters:
  71:Generated_Source\PSoC4/UART_1_PM.c **** *  None.
  72:Generated_Source\PSoC4/UART_1_PM.c **** *
  73:Generated_Source\PSoC4/UART_1_PM.c **** * Return:
  74:Generated_Source\PSoC4/UART_1_PM.c **** *  None.
  75:Generated_Source\PSoC4/UART_1_PM.c **** *
  76:Generated_Source\PSoC4/UART_1_PM.c **** * Global Variables:
  77:Generated_Source\PSoC4/UART_1_PM.c **** *  UART_1_backup - used when non-retention registers are restored.
  78:Generated_Source\PSoC4/UART_1_PM.c **** *
  79:Generated_Source\PSoC4/UART_1_PM.c **** * Reentrant:
  80:Generated_Source\PSoC4/UART_1_PM.c **** *  No.
  81:Generated_Source\PSoC4/UART_1_PM.c **** *
  82:Generated_Source\PSoC4/UART_1_PM.c **** * Notes:
  83:Generated_Source\PSoC4/UART_1_PM.c **** *  If this function is called without calling UART_1_SaveConfig() 
  84:Generated_Source\PSoC4/UART_1_PM.c **** *  first, the data loaded may be incorrect.
  85:Generated_Source\PSoC4/UART_1_PM.c **** *
  86:Generated_Source\PSoC4/UART_1_PM.c **** *******************************************************************************/
  87:Generated_Source\PSoC4/UART_1_PM.c **** void UART_1_RestoreConfig(void)
  88:Generated_Source\PSoC4/UART_1_PM.c **** {
  53              		.loc 1 88 0
  54              		.cfi_startproc
  55 0000 80B5     		push	{r7, lr}
  56              		.cfi_def_cfa_offset 8
  57              		.cfi_offset 7, -8
  58              		.cfi_offset 14, -4
  59 0002 00AF     		add	r7, sp, #0
  60              		.cfi_def_cfa_register 7
  89:Generated_Source\PSoC4/UART_1_PM.c ****     #if(UART_1_CONTROL_REG_REMOVED == 0u)
  90:Generated_Source\PSoC4/UART_1_PM.c ****         UART_1_CONTROL_REG = UART_1_backup.cr;
  91:Generated_Source\PSoC4/UART_1_PM.c ****     #endif /* End UART_1_CONTROL_REG_REMOVED */
  92:Generated_Source\PSoC4/UART_1_PM.c **** }
  61              		.loc 1 92 0
  62 0004 BD46     		mov	sp, r7
  63              		@ sp needed
  64 0006 80BD     		pop	{r7, pc}
  65              		.cfi_endproc
  66              	.LFE2:
  67              		.size	UART_1_RestoreConfig, .-UART_1_RestoreConfig
  68              		.section	.text.UART_1_Sleep,"ax",%progbits
  69              		.align	2
  70              		.global	UART_1_Sleep
  71              		.code	16
  72              		.thumb_func
  73              		.type	UART_1_Sleep, %function
  74              	UART_1_Sleep:
  75              	.LFB3:
  93:Generated_Source\PSoC4/UART_1_PM.c **** 
  94:Generated_Source\PSoC4/UART_1_PM.c **** 
  95:Generated_Source\PSoC4/UART_1_PM.c **** /*******************************************************************************
  96:Generated_Source\PSoC4/UART_1_PM.c **** * Function Name: UART_1_Sleep
ARM GAS  C:\Users\glenn\AppData\Local\Temp\cchG8oEv.s 			page 4


  97:Generated_Source\PSoC4/UART_1_PM.c **** ********************************************************************************
  98:Generated_Source\PSoC4/UART_1_PM.c **** *
  99:Generated_Source\PSoC4/UART_1_PM.c **** * Summary:
 100:Generated_Source\PSoC4/UART_1_PM.c **** *  This is the preferred API to prepare the component for sleep. 
 101:Generated_Source\PSoC4/UART_1_PM.c **** *  The UART_1_Sleep() API saves the current component state. Then it
 102:Generated_Source\PSoC4/UART_1_PM.c **** *  calls the UART_1_Stop() function and calls 
 103:Generated_Source\PSoC4/UART_1_PM.c **** *  UART_1_SaveConfig() to save the hardware configuration.
 104:Generated_Source\PSoC4/UART_1_PM.c **** *  Call the UART_1_Sleep() function before calling the CyPmSleep() 
 105:Generated_Source\PSoC4/UART_1_PM.c **** *  or the CyPmHibernate() function. 
 106:Generated_Source\PSoC4/UART_1_PM.c **** *
 107:Generated_Source\PSoC4/UART_1_PM.c **** * Parameters:
 108:Generated_Source\PSoC4/UART_1_PM.c **** *  None.
 109:Generated_Source\PSoC4/UART_1_PM.c **** *
 110:Generated_Source\PSoC4/UART_1_PM.c **** * Return:
 111:Generated_Source\PSoC4/UART_1_PM.c **** *  None.
 112:Generated_Source\PSoC4/UART_1_PM.c **** *
 113:Generated_Source\PSoC4/UART_1_PM.c **** * Global Variables:
 114:Generated_Source\PSoC4/UART_1_PM.c **** *  UART_1_backup - modified when non-retention registers are saved.
 115:Generated_Source\PSoC4/UART_1_PM.c **** *
 116:Generated_Source\PSoC4/UART_1_PM.c **** * Reentrant:
 117:Generated_Source\PSoC4/UART_1_PM.c **** *  No.
 118:Generated_Source\PSoC4/UART_1_PM.c **** *
 119:Generated_Source\PSoC4/UART_1_PM.c **** *******************************************************************************/
 120:Generated_Source\PSoC4/UART_1_PM.c **** void UART_1_Sleep(void)
 121:Generated_Source\PSoC4/UART_1_PM.c **** {
  76              		.loc 1 121 0
  77              		.cfi_startproc
  78 0000 80B5     		push	{r7, lr}
  79              		.cfi_def_cfa_offset 8
  80              		.cfi_offset 7, -8
  81              		.cfi_offset 14, -4
  82 0002 00AF     		add	r7, sp, #0
  83              		.cfi_def_cfa_register 7
 122:Generated_Source\PSoC4/UART_1_PM.c ****     #if(UART_1_RX_ENABLED || UART_1_HD_ENABLED)
 123:Generated_Source\PSoC4/UART_1_PM.c ****         if((UART_1_RXSTATUS_ACTL_REG  & UART_1_INT_ENABLE) != 0u)
  84              		.loc 1 123 0
  85 0004 094B     		ldr	r3, .L6
  86 0006 1B78     		ldrb	r3, [r3]
  87 0008 DBB2     		uxtb	r3, r3
  88 000a 1A1C     		mov	r2, r3
  89 000c 1023     		mov	r3, #16
  90 000e 1340     		and	r3, r2
  91 0010 03D0     		beq	.L4
 124:Generated_Source\PSoC4/UART_1_PM.c ****         {
 125:Generated_Source\PSoC4/UART_1_PM.c ****             UART_1_backup.enableState = 1u;
  92              		.loc 1 125 0
  93 0012 074B     		ldr	r3, .L6+4
  94 0014 0122     		mov	r2, #1
  95 0016 1A70     		strb	r2, [r3]
  96 0018 02E0     		b	.L5
  97              	.L4:
 126:Generated_Source\PSoC4/UART_1_PM.c ****         }
 127:Generated_Source\PSoC4/UART_1_PM.c ****         else
 128:Generated_Source\PSoC4/UART_1_PM.c ****         {
 129:Generated_Source\PSoC4/UART_1_PM.c ****             UART_1_backup.enableState = 0u;
  98              		.loc 1 129 0
  99 001a 054B     		ldr	r3, .L6+4
ARM GAS  C:\Users\glenn\AppData\Local\Temp\cchG8oEv.s 			page 5


 100 001c 0022     		mov	r2, #0
 101 001e 1A70     		strb	r2, [r3]
 102              	.L5:
 130:Generated_Source\PSoC4/UART_1_PM.c ****         }
 131:Generated_Source\PSoC4/UART_1_PM.c ****     #else
 132:Generated_Source\PSoC4/UART_1_PM.c ****         if((UART_1_TXSTATUS_ACTL_REG  & UART_1_INT_ENABLE) !=0u)
 133:Generated_Source\PSoC4/UART_1_PM.c ****         {
 134:Generated_Source\PSoC4/UART_1_PM.c ****             UART_1_backup.enableState = 1u;
 135:Generated_Source\PSoC4/UART_1_PM.c ****         }
 136:Generated_Source\PSoC4/UART_1_PM.c ****         else
 137:Generated_Source\PSoC4/UART_1_PM.c ****         {
 138:Generated_Source\PSoC4/UART_1_PM.c ****             UART_1_backup.enableState = 0u;
 139:Generated_Source\PSoC4/UART_1_PM.c ****         }
 140:Generated_Source\PSoC4/UART_1_PM.c ****     #endif /* End UART_1_RX_ENABLED || UART_1_HD_ENABLED*/
 141:Generated_Source\PSoC4/UART_1_PM.c **** 
 142:Generated_Source\PSoC4/UART_1_PM.c ****     UART_1_Stop();
 103              		.loc 1 142 0
 104 0020 FFF7FEFF 		bl	UART_1_Stop
 143:Generated_Source\PSoC4/UART_1_PM.c ****     UART_1_SaveConfig();
 105              		.loc 1 143 0
 106 0024 FFF7FEFF 		bl	UART_1_SaveConfig
 144:Generated_Source\PSoC4/UART_1_PM.c **** }
 107              		.loc 1 144 0
 108 0028 BD46     		mov	sp, r7
 109              		@ sp needed
 110 002a 80BD     		pop	{r7, pc}
 111              	.L7:
 112              		.align	2
 113              	.L6:
 114 002c 91000F40 		.word	1074725009
 115 0030 00000000 		.word	UART_1_backup
 116              		.cfi_endproc
 117              	.LFE3:
 118              		.size	UART_1_Sleep, .-UART_1_Sleep
 119              		.section	.text.UART_1_Wakeup,"ax",%progbits
 120              		.align	2
 121              		.global	UART_1_Wakeup
 122              		.code	16
 123              		.thumb_func
 124              		.type	UART_1_Wakeup, %function
 125              	UART_1_Wakeup:
 126              	.LFB4:
 145:Generated_Source\PSoC4/UART_1_PM.c **** 
 146:Generated_Source\PSoC4/UART_1_PM.c **** 
 147:Generated_Source\PSoC4/UART_1_PM.c **** /*******************************************************************************
 148:Generated_Source\PSoC4/UART_1_PM.c **** * Function Name: UART_1_Wakeup
 149:Generated_Source\PSoC4/UART_1_PM.c **** ********************************************************************************
 150:Generated_Source\PSoC4/UART_1_PM.c **** *
 151:Generated_Source\PSoC4/UART_1_PM.c **** * Summary:
 152:Generated_Source\PSoC4/UART_1_PM.c **** *  This is the preferred API to restore the component to the state when 
 153:Generated_Source\PSoC4/UART_1_PM.c **** *  UART_1_Sleep() was called. The UART_1_Wakeup() function
 154:Generated_Source\PSoC4/UART_1_PM.c **** *  calls the UART_1_RestoreConfig() function to restore the 
 155:Generated_Source\PSoC4/UART_1_PM.c **** *  configuration. If the component was enabled before the 
 156:Generated_Source\PSoC4/UART_1_PM.c **** *  UART_1_Sleep() function was called, the UART_1_Wakeup()
 157:Generated_Source\PSoC4/UART_1_PM.c **** *  function will also re-enable the component.
 158:Generated_Source\PSoC4/UART_1_PM.c **** *
 159:Generated_Source\PSoC4/UART_1_PM.c **** * Parameters:
ARM GAS  C:\Users\glenn\AppData\Local\Temp\cchG8oEv.s 			page 6


 160:Generated_Source\PSoC4/UART_1_PM.c **** *  None.
 161:Generated_Source\PSoC4/UART_1_PM.c **** *
 162:Generated_Source\PSoC4/UART_1_PM.c **** * Return:
 163:Generated_Source\PSoC4/UART_1_PM.c **** *  None.
 164:Generated_Source\PSoC4/UART_1_PM.c **** *
 165:Generated_Source\PSoC4/UART_1_PM.c **** * Global Variables:
 166:Generated_Source\PSoC4/UART_1_PM.c **** *  UART_1_backup - used when non-retention registers are restored.
 167:Generated_Source\PSoC4/UART_1_PM.c **** *
 168:Generated_Source\PSoC4/UART_1_PM.c **** * Reentrant:
 169:Generated_Source\PSoC4/UART_1_PM.c **** *  No.
 170:Generated_Source\PSoC4/UART_1_PM.c **** *
 171:Generated_Source\PSoC4/UART_1_PM.c **** *******************************************************************************/
 172:Generated_Source\PSoC4/UART_1_PM.c **** void UART_1_Wakeup(void)
 173:Generated_Source\PSoC4/UART_1_PM.c **** {
 127              		.loc 1 173 0
 128              		.cfi_startproc
 129 0000 80B5     		push	{r7, lr}
 130              		.cfi_def_cfa_offset 8
 131              		.cfi_offset 7, -8
 132              		.cfi_offset 14, -4
 133 0002 00AF     		add	r7, sp, #0
 134              		.cfi_def_cfa_register 7
 174:Generated_Source\PSoC4/UART_1_PM.c ****     UART_1_RestoreConfig();
 135              		.loc 1 174 0
 136 0004 FFF7FEFF 		bl	UART_1_RestoreConfig
 175:Generated_Source\PSoC4/UART_1_PM.c ****     #if( (UART_1_RX_ENABLED) || (UART_1_HD_ENABLED) )
 176:Generated_Source\PSoC4/UART_1_PM.c ****         UART_1_ClearRxBuffer();
 137              		.loc 1 176 0
 138 0008 FFF7FEFF 		bl	UART_1_ClearRxBuffer
 177:Generated_Source\PSoC4/UART_1_PM.c ****     #endif /* End (UART_1_RX_ENABLED) || (UART_1_HD_ENABLED) */
 178:Generated_Source\PSoC4/UART_1_PM.c ****     #if(UART_1_TX_ENABLED || UART_1_HD_ENABLED)
 179:Generated_Source\PSoC4/UART_1_PM.c ****         UART_1_ClearTxBuffer();
 139              		.loc 1 179 0
 140 000c FFF7FEFF 		bl	UART_1_ClearTxBuffer
 180:Generated_Source\PSoC4/UART_1_PM.c ****     #endif /* End UART_1_TX_ENABLED || UART_1_HD_ENABLED */
 181:Generated_Source\PSoC4/UART_1_PM.c **** 
 182:Generated_Source\PSoC4/UART_1_PM.c ****     if(UART_1_backup.enableState != 0u)
 141              		.loc 1 182 0
 142 0010 034B     		ldr	r3, .L10
 143 0012 1B78     		ldrb	r3, [r3]
 144 0014 002B     		cmp	r3, #0
 145 0016 01D0     		beq	.L8
 183:Generated_Source\PSoC4/UART_1_PM.c ****     {
 184:Generated_Source\PSoC4/UART_1_PM.c ****         UART_1_Enable();
 146              		.loc 1 184 0
 147 0018 FFF7FEFF 		bl	UART_1_Enable
 148              	.L8:
 185:Generated_Source\PSoC4/UART_1_PM.c ****     }
 186:Generated_Source\PSoC4/UART_1_PM.c **** }
 149              		.loc 1 186 0
 150 001c BD46     		mov	sp, r7
 151              		@ sp needed
 152 001e 80BD     		pop	{r7, pc}
 153              	.L11:
 154              		.align	2
 155              	.L10:
 156 0020 00000000 		.word	UART_1_backup
ARM GAS  C:\Users\glenn\AppData\Local\Temp\cchG8oEv.s 			page 7


 157              		.cfi_endproc
 158              	.LFE4:
 159              		.size	UART_1_Wakeup, .-UART_1_Wakeup
 160              		.text
 161              	.Letext0:
 162              		.file 2 "Generated_Source\\PSoC4\\cytypes.h"
 163              		.file 3 "Generated_Source\\PSoC4\\UART_1.h"
 164              		.section	.debug_info,"",%progbits
 165              	.Ldebug_info0:
 166 0000 1A010000 		.4byte	0x11a
 167 0004 0400     		.2byte	0x4
 168 0006 00000000 		.4byte	.Ldebug_abbrev0
 169 000a 04       		.byte	0x4
 170 000b 01       		.uleb128 0x1
 171 000c 0E000000 		.4byte	.LASF20
 172 0010 01       		.byte	0x1
 173 0011 C2000000 		.4byte	.LASF21
 174 0015 26010000 		.4byte	.LASF22
 175 0019 00000000 		.4byte	.Ldebug_ranges0+0
 176 001d 00000000 		.4byte	0
 177 0021 00000000 		.4byte	.Ldebug_line0
 178 0025 02       		.uleb128 0x2
 179 0026 01       		.byte	0x1
 180 0027 06       		.byte	0x6
 181 0028 D5010000 		.4byte	.LASF0
 182 002c 02       		.uleb128 0x2
 183 002d 01       		.byte	0x1
 184 002e 08       		.byte	0x8
 185 002f 91010000 		.4byte	.LASF1
 186 0033 02       		.uleb128 0x2
 187 0034 02       		.byte	0x2
 188 0035 05       		.byte	0x5
 189 0036 FC010000 		.4byte	.LASF2
 190 003a 02       		.uleb128 0x2
 191 003b 02       		.byte	0x2
 192 003c 07       		.byte	0x7
 193 003d C2010000 		.4byte	.LASF3
 194 0041 02       		.uleb128 0x2
 195 0042 04       		.byte	0x4
 196 0043 05       		.byte	0x5
 197 0044 A4010000 		.4byte	.LASF4
 198 0048 02       		.uleb128 0x2
 199 0049 04       		.byte	0x4
 200 004a 07       		.byte	0x7
 201 004b EB000000 		.4byte	.LASF5
 202 004f 02       		.uleb128 0x2
 203 0050 08       		.byte	0x8
 204 0051 05       		.byte	0x5
 205 0052 00000000 		.4byte	.LASF6
 206 0056 02       		.uleb128 0x2
 207 0057 08       		.byte	0x8
 208 0058 07       		.byte	0x7
 209 0059 0F010000 		.4byte	.LASF7
 210 005d 03       		.uleb128 0x3
 211 005e 04       		.byte	0x4
 212 005f 05       		.byte	0x5
 213 0060 696E7400 		.ascii	"int\000"
ARM GAS  C:\Users\glenn\AppData\Local\Temp\cchG8oEv.s 			page 8


 214 0064 02       		.uleb128 0x2
 215 0065 04       		.byte	0x4
 216 0066 07       		.byte	0x7
 217 0067 A8000000 		.4byte	.LASF8
 218 006b 04       		.uleb128 0x4
 219 006c E5000000 		.4byte	.LASF12
 220 0070 02       		.byte	0x2
 221 0071 9801     		.2byte	0x198
 222 0073 2C000000 		.4byte	0x2c
 223 0077 02       		.uleb128 0x2
 224 0078 04       		.byte	0x4
 225 0079 04       		.byte	0x4
 226 007a F6010000 		.4byte	.LASF9
 227 007e 02       		.uleb128 0x2
 228 007f 08       		.byte	0x8
 229 0080 04       		.byte	0x4
 230 0081 AD010000 		.4byte	.LASF10
 231 0085 02       		.uleb128 0x2
 232 0086 01       		.byte	0x1
 233 0087 08       		.byte	0x8
 234 0088 9F010000 		.4byte	.LASF11
 235 008c 04       		.uleb128 0x4
 236 008d 06020000 		.4byte	.LASF13
 237 0091 02       		.byte	0x2
 238 0092 4202     		.2byte	0x242
 239 0094 98000000 		.4byte	0x98
 240 0098 05       		.uleb128 0x5
 241 0099 6B000000 		.4byte	0x6b
 242 009d 02       		.uleb128 0x2
 243 009e 04       		.byte	0x4
 244 009f 07       		.byte	0x7
 245 00a0 19020000 		.4byte	.LASF14
 246 00a4 06       		.uleb128 0x6
 247 00a5 7C010000 		.4byte	.LASF23
 248 00a9 01       		.byte	0x1
 249 00aa 03       		.byte	0x3
 250 00ab 45       		.byte	0x45
 251 00ac BD000000 		.4byte	0xbd
 252 00b0 07       		.uleb128 0x7
 253 00b1 9C000000 		.4byte	.LASF24
 254 00b5 03       		.byte	0x3
 255 00b6 47       		.byte	0x47
 256 00b7 6B000000 		.4byte	0x6b
 257 00bb 00       		.byte	0
 258 00bc 00       		.byte	0
 259 00bd 08       		.uleb128 0x8
 260 00be 22020000 		.4byte	.LASF15
 261 00c2 03       		.byte	0x3
 262 00c3 4D       		.byte	0x4d
 263 00c4 A4000000 		.4byte	0xa4
 264 00c8 09       		.uleb128 0x9
 265 00c9 FD000000 		.4byte	.LASF16
 266 00cd 01       		.byte	0x1
 267 00ce 36       		.byte	0x36
 268 00cf 00000000 		.4byte	.LFB1
 269 00d3 08000000 		.4byte	.LFE1-.LFB1
 270 00d7 01       		.uleb128 0x1
ARM GAS  C:\Users\glenn\AppData\Local\Temp\cchG8oEv.s 			page 9


 271 00d8 9C       		.byte	0x9c
 272 00d9 09       		.uleb128 0x9
 273 00da E1010000 		.4byte	.LASF17
 274 00de 01       		.byte	0x1
 275 00df 57       		.byte	0x57
 276 00e0 00000000 		.4byte	.LFB2
 277 00e4 08000000 		.4byte	.LFE2-.LFB2
 278 00e8 01       		.uleb128 0x1
 279 00e9 9C       		.byte	0x9c
 280 00ea 0A       		.uleb128 0xa
 281 00eb B5000000 		.4byte	.LASF18
 282 00ef 01       		.byte	0x1
 283 00f0 78       		.byte	0x78
 284 00f1 00000000 		.4byte	.LFB3
 285 00f5 34000000 		.4byte	.LFE3-.LFB3
 286 00f9 01       		.uleb128 0x1
 287 00fa 9C       		.byte	0x9c
 288 00fb 0A       		.uleb128 0xa
 289 00fc 0B020000 		.4byte	.LASF19
 290 0100 01       		.byte	0x1
 291 0101 AC       		.byte	0xac
 292 0102 00000000 		.4byte	.LFB4
 293 0106 24000000 		.4byte	.LFE4-.LFB4
 294 010a 01       		.uleb128 0x1
 295 010b 9C       		.byte	0x9c
 296 010c 0B       		.uleb128 0xb
 297 010d B4010000 		.4byte	.LASF25
 298 0111 01       		.byte	0x1
 299 0112 18       		.byte	0x18
 300 0113 BD000000 		.4byte	0xbd
 301 0117 05       		.uleb128 0x5
 302 0118 03       		.byte	0x3
 303 0119 00000000 		.4byte	UART_1_backup
 304 011d 00       		.byte	0
 305              		.section	.debug_abbrev,"",%progbits
 306              	.Ldebug_abbrev0:
 307 0000 01       		.uleb128 0x1
 308 0001 11       		.uleb128 0x11
 309 0002 01       		.byte	0x1
 310 0003 25       		.uleb128 0x25
 311 0004 0E       		.uleb128 0xe
 312 0005 13       		.uleb128 0x13
 313 0006 0B       		.uleb128 0xb
 314 0007 03       		.uleb128 0x3
 315 0008 0E       		.uleb128 0xe
 316 0009 1B       		.uleb128 0x1b
 317 000a 0E       		.uleb128 0xe
 318 000b 55       		.uleb128 0x55
 319 000c 17       		.uleb128 0x17
 320 000d 11       		.uleb128 0x11
 321 000e 01       		.uleb128 0x1
 322 000f 10       		.uleb128 0x10
 323 0010 17       		.uleb128 0x17
 324 0011 00       		.byte	0
 325 0012 00       		.byte	0
 326 0013 02       		.uleb128 0x2
 327 0014 24       		.uleb128 0x24
ARM GAS  C:\Users\glenn\AppData\Local\Temp\cchG8oEv.s 			page 10


 328 0015 00       		.byte	0
 329 0016 0B       		.uleb128 0xb
 330 0017 0B       		.uleb128 0xb
 331 0018 3E       		.uleb128 0x3e
 332 0019 0B       		.uleb128 0xb
 333 001a 03       		.uleb128 0x3
 334 001b 0E       		.uleb128 0xe
 335 001c 00       		.byte	0
 336 001d 00       		.byte	0
 337 001e 03       		.uleb128 0x3
 338 001f 24       		.uleb128 0x24
 339 0020 00       		.byte	0
 340 0021 0B       		.uleb128 0xb
 341 0022 0B       		.uleb128 0xb
 342 0023 3E       		.uleb128 0x3e
 343 0024 0B       		.uleb128 0xb
 344 0025 03       		.uleb128 0x3
 345 0026 08       		.uleb128 0x8
 346 0027 00       		.byte	0
 347 0028 00       		.byte	0
 348 0029 04       		.uleb128 0x4
 349 002a 16       		.uleb128 0x16
 350 002b 00       		.byte	0
 351 002c 03       		.uleb128 0x3
 352 002d 0E       		.uleb128 0xe
 353 002e 3A       		.uleb128 0x3a
 354 002f 0B       		.uleb128 0xb
 355 0030 3B       		.uleb128 0x3b
 356 0031 05       		.uleb128 0x5
 357 0032 49       		.uleb128 0x49
 358 0033 13       		.uleb128 0x13
 359 0034 00       		.byte	0
 360 0035 00       		.byte	0
 361 0036 05       		.uleb128 0x5
 362 0037 35       		.uleb128 0x35
 363 0038 00       		.byte	0
 364 0039 49       		.uleb128 0x49
 365 003a 13       		.uleb128 0x13
 366 003b 00       		.byte	0
 367 003c 00       		.byte	0
 368 003d 06       		.uleb128 0x6
 369 003e 13       		.uleb128 0x13
 370 003f 01       		.byte	0x1
 371 0040 03       		.uleb128 0x3
 372 0041 0E       		.uleb128 0xe
 373 0042 0B       		.uleb128 0xb
 374 0043 0B       		.uleb128 0xb
 375 0044 3A       		.uleb128 0x3a
 376 0045 0B       		.uleb128 0xb
 377 0046 3B       		.uleb128 0x3b
 378 0047 0B       		.uleb128 0xb
 379 0048 01       		.uleb128 0x1
 380 0049 13       		.uleb128 0x13
 381 004a 00       		.byte	0
 382 004b 00       		.byte	0
 383 004c 07       		.uleb128 0x7
 384 004d 0D       		.uleb128 0xd
ARM GAS  C:\Users\glenn\AppData\Local\Temp\cchG8oEv.s 			page 11


 385 004e 00       		.byte	0
 386 004f 03       		.uleb128 0x3
 387 0050 0E       		.uleb128 0xe
 388 0051 3A       		.uleb128 0x3a
 389 0052 0B       		.uleb128 0xb
 390 0053 3B       		.uleb128 0x3b
 391 0054 0B       		.uleb128 0xb
 392 0055 49       		.uleb128 0x49
 393 0056 13       		.uleb128 0x13
 394 0057 38       		.uleb128 0x38
 395 0058 0B       		.uleb128 0xb
 396 0059 00       		.byte	0
 397 005a 00       		.byte	0
 398 005b 08       		.uleb128 0x8
 399 005c 16       		.uleb128 0x16
 400 005d 00       		.byte	0
 401 005e 03       		.uleb128 0x3
 402 005f 0E       		.uleb128 0xe
 403 0060 3A       		.uleb128 0x3a
 404 0061 0B       		.uleb128 0xb
 405 0062 3B       		.uleb128 0x3b
 406 0063 0B       		.uleb128 0xb
 407 0064 49       		.uleb128 0x49
 408 0065 13       		.uleb128 0x13
 409 0066 00       		.byte	0
 410 0067 00       		.byte	0
 411 0068 09       		.uleb128 0x9
 412 0069 2E       		.uleb128 0x2e
 413 006a 00       		.byte	0
 414 006b 3F       		.uleb128 0x3f
 415 006c 19       		.uleb128 0x19
 416 006d 03       		.uleb128 0x3
 417 006e 0E       		.uleb128 0xe
 418 006f 3A       		.uleb128 0x3a
 419 0070 0B       		.uleb128 0xb
 420 0071 3B       		.uleb128 0x3b
 421 0072 0B       		.uleb128 0xb
 422 0073 27       		.uleb128 0x27
 423 0074 19       		.uleb128 0x19
 424 0075 11       		.uleb128 0x11
 425 0076 01       		.uleb128 0x1
 426 0077 12       		.uleb128 0x12
 427 0078 06       		.uleb128 0x6
 428 0079 40       		.uleb128 0x40
 429 007a 18       		.uleb128 0x18
 430 007b 9742     		.uleb128 0x2117
 431 007d 19       		.uleb128 0x19
 432 007e 00       		.byte	0
 433 007f 00       		.byte	0
 434 0080 0A       		.uleb128 0xa
 435 0081 2E       		.uleb128 0x2e
 436 0082 00       		.byte	0
 437 0083 3F       		.uleb128 0x3f
 438 0084 19       		.uleb128 0x19
 439 0085 03       		.uleb128 0x3
 440 0086 0E       		.uleb128 0xe
 441 0087 3A       		.uleb128 0x3a
ARM GAS  C:\Users\glenn\AppData\Local\Temp\cchG8oEv.s 			page 12


 442 0088 0B       		.uleb128 0xb
 443 0089 3B       		.uleb128 0x3b
 444 008a 0B       		.uleb128 0xb
 445 008b 27       		.uleb128 0x27
 446 008c 19       		.uleb128 0x19
 447 008d 11       		.uleb128 0x11
 448 008e 01       		.uleb128 0x1
 449 008f 12       		.uleb128 0x12
 450 0090 06       		.uleb128 0x6
 451 0091 40       		.uleb128 0x40
 452 0092 18       		.uleb128 0x18
 453 0093 9642     		.uleb128 0x2116
 454 0095 19       		.uleb128 0x19
 455 0096 00       		.byte	0
 456 0097 00       		.byte	0
 457 0098 0B       		.uleb128 0xb
 458 0099 34       		.uleb128 0x34
 459 009a 00       		.byte	0
 460 009b 03       		.uleb128 0x3
 461 009c 0E       		.uleb128 0xe
 462 009d 3A       		.uleb128 0x3a
 463 009e 0B       		.uleb128 0xb
 464 009f 3B       		.uleb128 0x3b
 465 00a0 0B       		.uleb128 0xb
 466 00a1 49       		.uleb128 0x49
 467 00a2 13       		.uleb128 0x13
 468 00a3 02       		.uleb128 0x2
 469 00a4 18       		.uleb128 0x18
 470 00a5 00       		.byte	0
 471 00a6 00       		.byte	0
 472 00a7 00       		.byte	0
 473              		.section	.debug_aranges,"",%progbits
 474 0000 34000000 		.4byte	0x34
 475 0004 0200     		.2byte	0x2
 476 0006 00000000 		.4byte	.Ldebug_info0
 477 000a 04       		.byte	0x4
 478 000b 00       		.byte	0
 479 000c 0000     		.2byte	0
 480 000e 0000     		.2byte	0
 481 0010 00000000 		.4byte	.LFB1
 482 0014 08000000 		.4byte	.LFE1-.LFB1
 483 0018 00000000 		.4byte	.LFB2
 484 001c 08000000 		.4byte	.LFE2-.LFB2
 485 0020 00000000 		.4byte	.LFB3
 486 0024 34000000 		.4byte	.LFE3-.LFB3
 487 0028 00000000 		.4byte	.LFB4
 488 002c 24000000 		.4byte	.LFE4-.LFB4
 489 0030 00000000 		.4byte	0
 490 0034 00000000 		.4byte	0
 491              		.section	.debug_ranges,"",%progbits
 492              	.Ldebug_ranges0:
 493 0000 00000000 		.4byte	.LFB1
 494 0004 08000000 		.4byte	.LFE1
 495 0008 00000000 		.4byte	.LFB2
 496 000c 08000000 		.4byte	.LFE2
 497 0010 00000000 		.4byte	.LFB3
 498 0014 34000000 		.4byte	.LFE3
ARM GAS  C:\Users\glenn\AppData\Local\Temp\cchG8oEv.s 			page 13


 499 0018 00000000 		.4byte	.LFB4
 500 001c 24000000 		.4byte	.LFE4
 501 0020 00000000 		.4byte	0
 502 0024 00000000 		.4byte	0
 503              		.section	.debug_line,"",%progbits
 504              	.Ldebug_line0:
 505 0000 A7000000 		.section	.debug_str,"MS",%progbits,1
 505      02005200 
 505      00000201 
 505      FB0E0D00 
 505      01010101 
 506              	.LASF6:
 507 0000 6C6F6E67 		.ascii	"long long int\000"
 507      206C6F6E 
 507      6720696E 
 507      7400
 508              	.LASF20:
 509 000e 474E5520 		.ascii	"GNU C 4.9.3 20150303 (release) [ARM/embedded-4_9-br"
 509      4320342E 
 509      392E3320 
 509      32303135 
 509      30333033 
 510 0041 616E6368 		.ascii	"anch revision 221220] -mcpu=cortex-m0 -mthumb -g -O"
 510      20726576 
 510      6973696F 
 510      6E203232 
 510      31323230 
 511 0074 30202D66 		.ascii	"0 -ffunction-sections -ffat-lto-objects\000"
 511      66756E63 
 511      74696F6E 
 511      2D736563 
 511      74696F6E 
 512              	.LASF24:
 513 009c 656E6162 		.ascii	"enableState\000"
 513      6C655374 
 513      61746500 
 514              	.LASF8:
 515 00a8 756E7369 		.ascii	"unsigned int\000"
 515      676E6564 
 515      20696E74 
 515      00
 516              	.LASF18:
 517 00b5 55415254 		.ascii	"UART_1_Sleep\000"
 517      5F315F53 
 517      6C656570 
 517      00
 518              	.LASF21:
 519 00c2 47656E65 		.ascii	"Generated_Source\\PSoC4\\UART_1_PM.c\000"
 519      72617465 
 519      645F536F 
 519      75726365 
 519      5C50536F 
 520              	.LASF12:
 521 00e5 75696E74 		.ascii	"uint8\000"
 521      3800
 522              	.LASF5:
 523 00eb 6C6F6E67 		.ascii	"long unsigned int\000"
ARM GAS  C:\Users\glenn\AppData\Local\Temp\cchG8oEv.s 			page 14


 523      20756E73 
 523      69676E65 
 523      6420696E 
 523      7400
 524              	.LASF16:
 525 00fd 55415254 		.ascii	"UART_1_SaveConfig\000"
 525      5F315F53 
 525      61766543 
 525      6F6E6669 
 525      6700
 526              	.LASF7:
 527 010f 6C6F6E67 		.ascii	"long long unsigned int\000"
 527      206C6F6E 
 527      6720756E 
 527      7369676E 
 527      65642069 
 528              	.LASF22:
 529 0126 433A5C55 		.ascii	"C:\\Users\\glenn\\OneDrive\\PSOC\\moisture_sensor_4"
 529      73657273 
 529      5C676C65 
 529      6E6E5C4F 
 529      6E654472 
 530 0154 6D5C4D6F 		.ascii	"m\\Moisture_Sensor\\Moisture_Sensor.cydsn\000"
 530      69737475 
 530      72655F53 
 530      656E736F 
 530      725C4D6F 
 531              	.LASF23:
 532 017c 55415254 		.ascii	"UART_1_backupStruct_\000"
 532      5F315F62 
 532      61636B75 
 532      70537472 
 532      7563745F 
 533              	.LASF1:
 534 0191 756E7369 		.ascii	"unsigned char\000"
 534      676E6564 
 534      20636861 
 534      7200
 535              	.LASF11:
 536 019f 63686172 		.ascii	"char\000"
 536      00
 537              	.LASF4:
 538 01a4 6C6F6E67 		.ascii	"long int\000"
 538      20696E74 
 538      00
 539              	.LASF10:
 540 01ad 646F7562 		.ascii	"double\000"
 540      6C6500
 541              	.LASF25:
 542 01b4 55415254 		.ascii	"UART_1_backup\000"
 542      5F315F62 
 542      61636B75 
 542      7000
 543              	.LASF3:
 544 01c2 73686F72 		.ascii	"short unsigned int\000"
 544      7420756E 
 544      7369676E 
ARM GAS  C:\Users\glenn\AppData\Local\Temp\cchG8oEv.s 			page 15


 544      65642069 
 544      6E7400
 545              	.LASF0:
 546 01d5 7369676E 		.ascii	"signed char\000"
 546      65642063 
 546      68617200 
 547              	.LASF17:
 548 01e1 55415254 		.ascii	"UART_1_RestoreConfig\000"
 548      5F315F52 
 548      6573746F 
 548      7265436F 
 548      6E666967 
 549              	.LASF9:
 550 01f6 666C6F61 		.ascii	"float\000"
 550      7400
 551              	.LASF2:
 552 01fc 73686F72 		.ascii	"short int\000"
 552      7420696E 
 552      7400
 553              	.LASF13:
 554 0206 72656738 		.ascii	"reg8\000"
 554      00
 555              	.LASF19:
 556 020b 55415254 		.ascii	"UART_1_Wakeup\000"
 556      5F315F57 
 556      616B6575 
 556      7000
 557              	.LASF14:
 558 0219 73697A65 		.ascii	"sizetype\000"
 558      74797065 
 558      00
 559              	.LASF15:
 560 0222 55415254 		.ascii	"UART_1_BACKUP_STRUCT\000"
 560      5F315F42 
 560      41434B55 
 560      505F5354 
 560      52554354 
 561              		.ident	"GCC: (GNU Tools for ARM Embedded Processors) 4.9.3 20150303 (release) [ARM/embedded-4_9-br
